Timestamp               Ty Process[PID:TID]
2026-06-16 12:23:11.497 Df Savoria[93874:918097] [com.pedrosalles.smartkitchen.perf:CloudSync] [+0.0ms] CloudSyncService.init begin | syncPref=false
2026-06-16 12:23:11.832 Df Savoria[93874:918097] [com.pedrosalles.smartkitchen.perf:CloudSync] [+341.7ms] local container opened | tookMs=153.3
2026-06-16 12:23:11.863 Df Savoria[93874:918097] [com.pedrosalles.smartkitchen.perf:CloudSync] [+373.8ms] CloudSyncService.init end
2026-06-16 12:23:11.865 Df Savoria[93874:918097] [com.pedrosalles.smartkitchen.perf:Launch] [+375.7ms] SmartKitchenApp.init body begin
2026-06-16 12:23:11.866 Df Savoria[93874:918097] [com.pedrosalles.smartkitchen.perf:Launch] [+376.5ms] after StatusBarSwizzle.install
2026-06-16 12:23:11.888 Df Savoria[93874:918097] [com.pedrosalles.smartkitchen.perf:Launch] [+399.2ms] after configureNavigationAppearance
2026-06-16 12:23:11.889 Df Savoria[93874:918097] [com.pedrosalles.smartkitchen.perf:Launch] [+399.7ms] after logBuildConfiguration
2026-06-16 12:23:11.890 Df Savoria[93874:918097] [com.pedrosalles.smartkitchen.perf:Launch] [+400.4ms] SmartKitchenApp.init body end
2026-06-16 12:23:12.089 Df Savoria[93874:918097] [com.pedrosalles.smartkitchen.perf:ScenePhase] [+599.5ms] lifecycle.didFinishLaunching
2026-06-16 12:23:12.186 Df Savoria[93874:918097] [com.pedrosalles.smartkitchen.perf:Launch] [+696.9ms] SmartKitchenApp.body evaluated
2026-06-16 12:23:12.209 Df Savoria[93874:9181a7] [com.pedrosalles.smartkitchen.perf:ScenePhase] [+719.7ms] main thread hang detected | lagMs=212
2026-06-16 12:23:12.259 Df Savoria[93874:918097] [com.pedrosalles.smartkitchen.perf:Launch] [+770.1ms] SmartKitchenApp.body evaluated
2026-06-16 12:23:12.260 Df Savoria[93874:918097] [com.pedrosalles.smartkitchen.perf:ScenePhase] [+770.9ms] lifecycle.willEnterForeground
2026-06-16 12:23:12.287 Df Savoria[93874:918097] [com.pedrosalles.smartkitchen.perf:Launch] [+798.2ms] WindowGroup content building
2026-06-16 12:23:12.310 Df Savoria[93874:918097] [com.pedrosalles.smartkitchen.perf:Launch] [+820.6ms] SplashView body evaluated
2026-06-16 12:23:12.343 Df Savoria[93874:918097] [com.pedrosalles.smartkitchen.perf:Launch] [+854.1ms] AppLaunchSkeletonPage body evaluated
2026-06-16 12:23:12.398 Df Savoria[93874:918097] [com.pedrosalles.smartkitchen.perf:Launch] [+908.3ms] SplashView appeared (ContentView not mounted yet)
2026-06-16 12:23:12.399 Df Savoria[93874:918097] [com.pedrosalles.smartkitchen.perf:Launch] [+909.6ms] AppLaunchSkeletonPage body evaluated
2026-06-16 12:23:12.401 Df Savoria[93874:918097] [com.pedrosalles.smartkitchen.perf:Launch] [+912.0ms] AppLaunchSkeletonPage body evaluated
2026-06-16 12:23:12.462 Df Savoria[93874:918097] [com.pedrosalles.smartkitchen.perf:ScenePhase] [+972.7ms] main thread hang ended | durationMs=465
2026-06-16 12:23:12.542 Df Savoria[93874:918097] [com.pedrosalles.smartkitchen.perf:Subscriptions] [+1052.4ms] subscriptionManager.loadProducts begin
2026-06-16 12:23:12.544 Df Savoria[93874:918097] [com.pedrosalles.smartkitchen.perf:Launch] [+1054.6ms] SmartKitchenApp.body evaluated
2026-06-16 12:23:12.545 Df Savoria[93874:918097] [com.pedrosalles.smartkitchen.perf:ScenePhase] [+1055.4ms] lifecycle.didBecomeActive
2026-06-16 12:23:12.545 Df Savoria[93874:918097] [com.pedrosalles.smartkitchen.perf:Launch] [+1056.2ms] WindowGroup content building
2026-06-16 12:23:12.549 Df Savoria[93874:918097] [com.pedrosalles.smartkitchen.perf:ScenePhase] [+1057.8ms] scenePhase inactive -> active
2026-06-16 12:23:12.549 Df Savoria[93874:918097] [com.pedrosalles.smartkitchen.perf:ScenePhase] ⏱ claimPendingFromBridge took 0.0ms | trace=fg-1
2026-06-16 12:23:12.549 Df Savoria[93874:918097] [com.pedrosalles.smartkitchen.perf:ScenePhase] [+1060.1ms] foreground resume entered | trace=fg-1 claimedSharedImport=false
2026-06-16 12:23:12.549 Df Savoria[93874:918097] [com.pedrosalles.smartkitchen.perf:ScenePhase] [+1060.1ms] foreground resume work skipped | trace=fg-1 entitlementElapsed=0s maintenanceElapsed=0s
2026-06-16 12:23:12.556 Df Savoria[93874:918097] [com.pedrosalles.smartkitchen.perf:Launch] [+1066.8ms] AppLaunchSkeletonPage body evaluated
2026-06-16 12:23:12.571 Df Savoria[93874:918097] [com.pedrosalles.smartkitchen.perf:Subscriptions] [+1082.0ms] subscriptionManager.loadProducts end | tookMs=29.6
2026-06-16 12:23:12.571 Df Savoria[93874:918097] [com.pedrosalles.smartkitchen.perf:Subscriptions] [+1082.1ms] subscriptionManager.refreshEntitlements (launch) begin
2026-06-16 12:23:12.573 Df Savoria[93874:918097] [com.pedrosalles.smartkitchen.perf:Subscriptions] [+1084.1ms] subscriptionManager.refreshEntitlements (launch) end | tookMs=2.0
2026-06-16 12:23:12.573 Df Savoria[93874:918097] [com.pedrosalles.smartkitchen.perf:Launch] [+1084.1ms] runPostLaunchBootstrap begin
2026-06-16 12:23:12.637 Df Savoria[93874:918097] [com.pedrosalles.smartkitchen.perf:DataSeeder] ⏱ DataSeeder.seedIfNeeded took 10.7ms
2026-06-16 12:23:12.638 Df Savoria[93874:918097] [com.pedrosalles.smartkitchen.perf:Migration] ⏱ UnifiedItemMigration.migrateIfNeeded took 0.9ms
2026-06-16 12:23:12.665 Df Savoria[93874:918097] [com.pedrosalles.smartkitchen.perf:Backup] ⏱ BackupManager.restoreLatestBackupIfCurrentStoreNeedsRecovery took 26.3ms
2026-06-16 12:23:12.665 Df Savoria[93874:918097] [com.pedrosalles.smartkitchen.perf:CloudSync] ⏱ activateCloudSyncIfNeededOnLaunch took 0.0ms
2026-06-16 12:23:12.700 Df Savoria[93874:9181a7] [com.pedrosalles.smartkitchen.perf:Launch] ⏱ warmupDatabases took 73.5ms
2026-06-16 12:23:12.701 Df Savoria[93874:918097] [com.pedrosalles.smartkitchen.perf:Launch] [+1212.1ms] runPostLaunchBootstrap end (splash lifted) | tookMs=127.9
2026-06-16 12:23:12.701 Df Savoria[93874:918097] [com.pedrosalles.smartkitchen.perf:Launch] [+1212.2ms] SmartKitchenApp.body evaluated
2026-06-16 12:23:12.716 Df Savoria[93874:918097] [com.pedrosalles.smartkitchen.perf:Launch] [+1226.7ms] WindowGroup content building
2026-06-16 12:23:12.995 Df Savoria[93874:918217] [com.pedrosalles.smartkitchen.perf:ScenePhase] [+1505.7ms] main thread hang detected | lagMs=298
2026-06-16 12:23:13.215 Df Savoria[93874:918097] [com.pedrosalles.smartkitchen.perf:Launch] [+1725.9ms] ContentView onAppear (first frame visible)
2026-06-16 12:23:13.995 Df Savoria[93874:918097] [com.pedrosalles.smartkitchen.perf:ScenePhase] [+2506.2ms] main thread hang ended | durationMs=1299
2026-06-16 12:23:15.469 Df Savoria[93874:918097] [com.pedrosalles.smartkitchen.perf:Launch] [+3980.0ms] SmartKitchenApp.body evaluated
2026-06-16 12:23:15.470 Df Savoria[93874:918097] [com.pedrosalles.smartkitchen.perf:ScenePhase] [+3980.4ms] lifecycle.willResignActive
2026-06-16 12:23:15.472 Df Savoria[93874:918097] [com.pedrosalles.smartkitchen.perf:Launch] [+3982.3ms] WindowGroup content building
2026-06-16 12:23:15.483 Df Savoria[93874:918097] [com.pedrosalles.smartkitchen.perf:ScenePhase] [+3991.0ms] scenePhase active -> inactive
2026-06-16 12:23:15.483 Df Savoria[93874:918097] [com.pedrosalles.smartkitchen.perf:CloudSync] [+3993.5ms] scene-leave save inspection | hasChanges=false inserted=0 changed=0 deleted=0
2026-06-16 12:23:16.325 Df Savoria[93874:918097] [com.pedrosalles.smartkitchen.perf:Launch] [+4835.9ms] SmartKitchenApp.body evaluated
2026-06-16 12:23:16.327 Df Savoria[93874:918097] [com.pedrosalles.smartkitchen.perf:ScenePhase] [+4837.6ms] lifecycle.didEnterBackground
2026-06-16 12:23:16.331 Df Savoria[93874:918097] [com.pedrosalles.smartkitchen.perf:Launch] [+4841.3ms] WindowGroup content building
2026-06-16 12:23:16.399 Df Savoria[93874:918097] [com.pedrosalles.smartkitchen.perf:ScenePhase] [+4910.1ms] scenePhase inactive -> background
2026-06-16 12:23:16.399 Df Savoria[93874:918097] [com.pedrosalles.smartkitchen.perf:CloudSync] [+4910.2ms] scene-leave save inspection | hasChanges=false inserted=0 changed=0 deleted=0
2026-06-16 12:23:16.495 Df Savoria[93874:91820b] [com.pedrosalles.smartkitchen.perf:ScenePhase] [+5005.3ms] main thread hang detected | lagMs=285
2026-06-16 12:23:16.576 Df Savoria[93874:918097] [com.pedrosalles.smartkitchen.perf:ScenePhase] [+5087.0ms] main thread hang ended | durationMs=367
2026-06-16 12:23:17.663 Df Savoria[93874:918209] [com.pedrosalles.smartkitchen.perf:ScenePhase] [+6174.0ms] main thread hang detected | lagMs=954
2026-06-16 12:23:17.663 Df Savoria[93874:918097] [com.pedrosalles.smartkitchen.perf:ScenePhase] [+6174.0ms] main thread hang ended | durationMs=954
2026-06-16 12:23:17.679 Df Savoria[93874:918097] [com.pedrosalles.smartkitchen.perf:Launch] [+6189.4ms] SmartKitchenApp.body evaluated
2026-06-16 12:23:17.679 Df Savoria[93874:918097] [com.pedrosalles.smartkitchen.perf:ScenePhase] [+6189.8ms] lifecycle.willEnterForeground
2026-06-16 12:23:17.679 Df Savoria[93874:918097] [com.pedrosalles.smartkitchen.perf:ScenePhase] [+6189.9ms] foreground Home refresh scheduled | selectedTab=assistant delayMs=1200
2026-06-16 12:23:17.681 Df Savoria[93874:918097] [com.pedrosalles.smartkitchen.perf:Launch] [+6191.9ms] WindowGroup content building
2026-06-16 12:23:17.688 Df Savoria[93874:918097] [com.pedrosalles.smartkitchen.perf:ScenePhase] [+6199.1ms] scenePhase background -> inactive
2026-06-16 12:23:18.098 Df Savoria[93874:918097] [com.pedrosalles.smartkitchen.perf:Launch] [+6608.6ms] SmartKitchenApp.body evaluated
2026-06-16 12:23:18.099 Df Savoria[93874:918097] [com.pedrosalles.smartkitchen.perf:ScenePhase] [+6609.5ms] lifecycle.didBecomeActive
2026-06-16 12:23:18.100 Df Savoria[93874:918097] [com.pedrosalles.smartkitchen.perf:Launch] [+6610.2ms] WindowGroup content building
2026-06-16 12:23:18.108 Df Savoria[93874:918097] [com.pedrosalles.smartkitchen.perf:ScenePhase] [+6619.0ms] scenePhase inactive -> active
2026-06-16 12:23:18.108 Df Savoria[93874:918097] [com.pedrosalles.smartkitchen.perf:ScenePhase] ⏱ claimPendingFromBridge took 0.0ms | trace=fg-2
2026-06-16 12:23:18.108 Df Savoria[93874:918097] [com.pedrosalles.smartkitchen.perf:ScenePhase] [+6619.1ms] foreground resume entered | trace=fg-2 claimedSharedImport=false
2026-06-16 12:23:18.108 Df Savoria[93874:918097] [com.pedrosalles.smartkitchen.perf:ScenePhase] [+6619.1ms] foreground resume work skipped | trace=fg-2 entitlementElapsed=5s maintenanceElapsed=6s
2026-06-16 12:23:19.169 Df Savoria[93874:918097] [com.pedrosalles.smartkitchen.perf:CloudSync] [+7680.2ms] HomeView debounced refresh
2026-06-16 12:23:22.847 Df Savoria[93874:918097] [com.pedrosalles.smartkitchen.perf:Launch] [+11358.0ms] SmartKitchenApp.body evaluated
2026-06-16 12:23:22.848 Df Savoria[93874:918097] [com.pedrosalles.smartkitchen.perf:ScenePhase] [+11358.3ms] lifecycle.willResignActive
2026-06-16 12:23:22.850 Df Savoria[93874:918097] [com.pedrosalles.smartkitchen.perf:Launch] [+11361.2ms] WindowGroup content building
2026-06-16 12:23:22.859 Df Savoria[93874:918097] [com.pedrosalles.smartkitchen.perf:ScenePhase] [+11369.4ms] scenePhase active -> inactive
2026-06-16 12:23:22.859 Df Savoria[93874:918097] [com.pedrosalles.smartkitchen.perf:CloudSync] [+11369.7ms] scene-leave save inspection | hasChanges=false inserted=0 changed=0 deleted=0
2026-06-16 12:23:23.698 Df Savoria[93874:918097] [com.pedrosalles.smartkitchen.perf:Launch] [+12208.8ms] SmartKitchenApp.body evaluated
2026-06-16 12:23:23.699 Df Savoria[93874:918097] [com.pedrosalles.smartkitchen.perf:ScenePhase] [+12209.6ms] lifecycle.didEnterBackground
2026-06-16 12:23:23.703 Df Savoria[93874:918097] [com.pedrosalles.smartkitchen.perf:Launch] [+12213.5ms] WindowGroup content building
2026-06-16 12:23:23.769 Df Savoria[93874:918097] [com.pedrosalles.smartkitchen.perf:ScenePhase] [+12280.0ms] scenePhase inactive -> background
2026-06-16 12:23:23.769 Df Savoria[93874:918097] [com.pedrosalles.smartkitchen.perf:CloudSync] [+12280.1ms] scene-leave save inspection | hasChanges=false inserted=0 changed=0 deleted=0
2026-06-16 12:23:23.909 Df Savoria[93874:918256] [com.pedrosalles.smartkitchen.perf:ScenePhase] [+12420.1ms] main thread hang detected | lagMs=300
2026-06-16 12:23:24.115 Df Savoria[93874:918097] [com.pedrosalles.smartkitchen.perf:ScenePhase] [+12626.1ms] main thread hang ended | durationMs=506
2026-06-16 12:23:25.086 Df Savoria[93874:918097] [com.pedrosalles.smartkitchen.perf:Launch] [+13596.7ms] SmartKitchenApp.body evaluated
2026-06-16 12:23:25.086 Df Savoria[93874:918097] [com.pedrosalles.smartkitchen.perf:ScenePhase] [+13597.0ms] lifecycle.willEnterForeground
2026-06-16 12:23:25.086 Df Savoria[93874:918097] [com.pedrosalles.smartkitchen.perf:ScenePhase] [+13597.1ms] foreground Home refresh scheduled | selectedTab=assistant delayMs=1200
2026-06-16 12:23:25.088 Df Savoria[93874:918097] [com.pedrosalles.smartkitchen.perf:Launch] [+13599.0ms] WindowGroup content building
2026-06-16 12:23:25.096 Df Savoria[93874:918097] [com.pedrosalles.smartkitchen.perf:ScenePhase] [+13606.6ms] scenePhase background -> inactive
2026-06-16 12:23:25.503 Df Savoria[93874:918097] [com.pedrosalles.smartkitchen.perf:Launch] [+14013.3ms] SmartKitchenApp.body evaluated
2026-06-16 12:23:25.503 Df Savoria[93874:918097] [com.pedrosalles.smartkitchen.perf:ScenePhase] [+14014.2ms] lifecycle.didBecomeActive
2026-06-16 12:23:25.516 Df Savoria[93874:918097] [com.pedrosalles.smartkitchen.perf:Launch] [+14026.8ms] WindowGroup content building
2026-06-16 12:23:25.526 Df Savoria[93874:918097] [com.pedrosalles.smartkitchen.perf:ScenePhase] [+14036.2ms] scenePhase inactive -> active
2026-06-16 12:23:25.526 Df Savoria[93874:918097] [com.pedrosalles.smartkitchen.perf:ScenePhase] ⏱ claimPendingFromBridge took 0.0ms | trace=fg-3
2026-06-16 12:23:25.526 Df Savoria[93874:918097] [com.pedrosalles.smartkitchen.perf:ScenePhase] [+14036.3ms] foreground resume entered | trace=fg-3 claimedSharedImport=false
2026-06-16 12:23:25.526 Df Savoria[93874:918097] [com.pedrosalles.smartkitchen.perf:ScenePhase] [+14036.3ms] foreground resume work skipped | trace=fg-3 entitlementElapsed=12s maintenanceElapsed=13s
2026-06-16 12:23:26.572 Df Savoria[93874:918097] [com.pedrosalles.smartkitchen.perf:CloudSync] [+15082.5ms] HomeView debounced refresh
