Timestamp               Ty Process[PID:TID]
2026-06-16 12:49:21.639 Df Savoria[34315:940c09] [com.pedrosalles.smartkitchen.perf:CloudSync] [+0.0ms] CloudSyncService.init begin | syncPref=false
2026-06-16 12:49:21.906 Df Savoria[34315:940c09] [com.pedrosalles.smartkitchen.perf:CloudSync] [+268.3ms] local container opened | tookMs=134.9
2026-06-16 12:49:21.924 Df Savoria[34315:940c09] [com.pedrosalles.smartkitchen.perf:CloudSync] [+286.8ms] CloudSyncService.init end
2026-06-16 12:49:21.926 Df Savoria[34315:940c09] [com.pedrosalles.smartkitchen.perf:Launch] [+288.7ms] SmartKitchenApp.init body begin
2026-06-16 12:49:21.926 Df Savoria[34315:940c09] [com.pedrosalles.smartkitchen.perf:Launch] [+289.2ms] after StatusBarSwizzle.install
2026-06-16 12:49:21.944 Df Savoria[34315:940c09] [com.pedrosalles.smartkitchen.perf:Launch] [+306.9ms] after configureNavigationAppearance
2026-06-16 12:49:21.944 Df Savoria[34315:940c09] [com.pedrosalles.smartkitchen.perf:Launch] [+307.1ms] after logBuildConfiguration
2026-06-16 12:49:21.945 Df Savoria[34315:940c09] [com.pedrosalles.smartkitchen.perf:Launch] [+307.5ms] SmartKitchenApp.init body end
2026-06-16 12:49:22.062 Df Savoria[34315:940c09] [com.pedrosalles.smartkitchen.perf:ScenePhase] [+424.9ms] lifecycle.didFinishLaunching
2026-06-16 12:49:22.139 Df Savoria[34315:940c09] [com.pedrosalles.smartkitchen.perf:Launch] [+501.8ms] SmartKitchenApp.body evaluated
2026-06-16 12:49:22.185 Df Savoria[34315:940c09] [com.pedrosalles.smartkitchen.perf:Launch] [+548.0ms] SmartKitchenApp.body evaluated
2026-06-16 12:49:22.186 Df Savoria[34315:940c09] [com.pedrosalles.smartkitchen.perf:ScenePhase] [+548.8ms] lifecycle.willEnterForeground
2026-06-16 12:49:22.215 Df Savoria[34315:940c09] [com.pedrosalles.smartkitchen.perf:Launch] [+577.5ms] WindowGroup content building
2026-06-16 12:49:22.239 Df Savoria[34315:940c09] [com.pedrosalles.smartkitchen.perf:Launch] [+601.9ms] SplashView body evaluated
2026-06-16 12:49:22.263 Df Savoria[34315:940c61] [com.pedrosalles.smartkitchen.perf:ScenePhase] [+625.5ms] main thread hang detected | lagMs=204
2026-06-16 12:49:22.275 Df Savoria[34315:940c09] [com.pedrosalles.smartkitchen.perf:Launch] [+637.4ms] AppLaunchSkeletonPage body evaluated
2026-06-16 12:49:22.331 Df Savoria[34315:940c09] [com.pedrosalles.smartkitchen.perf:Launch] [+694.3ms] SplashView appeared
2026-06-16 12:49:22.333 Df Savoria[34315:940c09] [com.pedrosalles.smartkitchen.perf:Launch] [+696.4ms] AppLaunchSkeletonPage body evaluated
2026-06-16 12:49:22.336 Df Savoria[34315:940c09] [com.pedrosalles.smartkitchen.perf:Launch] [+699.2ms] AppLaunchSkeletonPage body evaluated
2026-06-16 12:49:22.399 Df Savoria[34315:940c09] [com.pedrosalles.smartkitchen.perf:ScenePhase] [+762.3ms] main thread hang ended | durationMs=341
2026-06-16 12:49:22.455 Df Savoria[34315:940c09] [com.pedrosalles.smartkitchen.perf:Subscriptions] [+817.5ms] subscriptionManager.loadProducts begin
2026-06-16 12:49:22.458 Df Savoria[34315:940c09] [com.pedrosalles.smartkitchen.perf:Launch] [+820.8ms] SmartKitchenApp.body evaluated
2026-06-16 12:49:22.459 Df Savoria[34315:940c09] [com.pedrosalles.smartkitchen.perf:ScenePhase] [+821.5ms] lifecycle.didBecomeActive
2026-06-16 12:49:22.459 Df Savoria[34315:940c09] [com.pedrosalles.smartkitchen.perf:Launch] [+822.0ms] WindowGroup content building
2026-06-16 12:49:22.463 Df Savoria[34315:940c09] [com.pedrosalles.smartkitchen.perf:ScenePhase] [+823.7ms] scenePhase inactive -> active
2026-06-16 12:49:22.463 Df Savoria[34315:940c09] [com.pedrosalles.smartkitchen.perf:ScenePhase] ⏱ claimPendingFromBridge took 0.0ms | trace=fg-1
2026-06-16 12:49:22.463 Df Savoria[34315:940c09] [com.pedrosalles.smartkitchen.perf:ScenePhase] [+826.4ms] foreground resume entered | trace=fg-1 claimedSharedImport=false
2026-06-16 12:49:22.463 Df Savoria[34315:940c09] [com.pedrosalles.smartkitchen.perf:ScenePhase] [+826.4ms] foreground resume work skipped | trace=fg-1 entitlementElapsed=0s maintenanceElapsed=0s
2026-06-16 12:49:22.471 Df Savoria[34315:940c09] [com.pedrosalles.smartkitchen.perf:Launch] [+833.7ms] AppLaunchSkeletonPage body evaluated
2026-06-16 12:49:22.490 Df Savoria[34315:940c09] [com.pedrosalles.smartkitchen.perf:Subscriptions] [+852.5ms] subscriptionManager.loadProducts end | tookMs=34.9
2026-06-16 12:49:22.490 Df Savoria[34315:940c09] [com.pedrosalles.smartkitchen.perf:Subscriptions] [+852.5ms] subscriptionManager.refreshEntitlements (launch) begin
2026-06-16 12:49:22.494 Df Savoria[34315:940c09] [com.pedrosalles.smartkitchen.perf:Subscriptions] [+857.0ms] subscriptionManager.refreshEntitlements (launch) end | tookMs=4.5
2026-06-16 12:49:22.494 Df Savoria[34315:940c09] [com.pedrosalles.smartkitchen.perf:Launch] [+857.0ms] runPostLaunchBootstrap begin
2026-06-16 12:49:22.558 Df Savoria[34315:940c09] [com.pedrosalles.smartkitchen.perf:DataSeeder] ⏱ DataSeeder.seedIfNeeded took 9.8ms
2026-06-16 12:49:22.559 Df Savoria[34315:940c09] [com.pedrosalles.smartkitchen.perf:Migration] ⏱ UnifiedItemMigration.migrateIfNeeded took 0.7ms
2026-06-16 12:49:22.584 Df Savoria[34315:940c09] [com.pedrosalles.smartkitchen.perf:Backup] ⏱ BackupManager.restoreLatestBackupIfCurrentStoreNeedsRecovery took 25.6ms
2026-06-16 12:49:22.585 Df Savoria[34315:940c09] [com.pedrosalles.smartkitchen.perf:CloudSync] ⏱ activateCloudSyncIfNeededOnLaunch took 0.0ms
2026-06-16 12:49:22.627 Df Savoria[34315:940c5a] [com.pedrosalles.smartkitchen.perf:Launch] ⏱ warmupDatabases took 78.8ms
2026-06-16 12:49:22.628 Df Savoria[34315:940c09] [com.pedrosalles.smartkitchen.perf:Launch] [+990.4ms] launch content prewarm mount requested
2026-06-16 12:49:22.628 Df Savoria[34315:940c09] [com.pedrosalles.smartkitchen.perf:Launch] [+990.5ms] SmartKitchenApp.body evaluated
2026-06-16 12:49:22.642 Df Savoria[34315:940c09] [com.pedrosalles.smartkitchen.perf:Launch] [+1004.8ms] WindowGroup content building
2026-06-16 12:49:22.848 Df Savoria[34315:940cd1] [com.pedrosalles.smartkitchen.perf:ScenePhase] [+1211.1ms] main thread hang detected | lagMs=300
2026-06-16 12:49:23.113 Df Savoria[34315:940c09] [com.pedrosalles.smartkitchen.perf:Launch] [+1476.0ms] ContentView onAppear | visible=false
2026-06-16 12:49:23.461 Df Savoria[34315:940c09] [com.pedrosalles.smartkitchen.perf:CloudSync] ⏱ HomeView.updateRecipeCategories took 1.7ms
2026-06-16 12:49:23.472 Df Savoria[34315:940c09] [com.pedrosalles.smartkitchen.perf:CloudSync] ⏱ HomeView.updateCompatibleMatches took 10.7ms
2026-06-16 12:49:23.473 Df Savoria[34315:940c09] [com.pedrosalles.smartkitchen.perf:CloudSync] ⏱ HomeView.updateExpiringItems took 1.2ms
2026-06-16 12:49:23.476 Df Savoria[34315:940c09] [com.pedrosalles.smartkitchen.perf:CloudSync] ⏱ HomeView.updatePendingNutritionDays took 2.4ms
2026-06-16 12:49:23.476 Df Savoria[34315:940c09] [com.pedrosalles.smartkitchen.perf:CloudSync] ⏱ HomeView.updateInfoSnapshot took 0.0ms
2026-06-16 12:49:23.476 Df Savoria[34315:940c09] [com.pedrosalles.smartkitchen.perf:CloudSync] ⏱ HomeView.refreshHomeDerivedState took 16.2ms | logEvent=false
2026-06-16 12:49:23.477 Df Savoria[34315:940c09] [com.pedrosalles.smartkitchen.perf:CloudSync] ⏱ HomeView.updateRecipeCategories took 0.7ms
2026-06-16 12:49:23.477 Df Savoria[34315:940c09] [com.pedrosalles.smartkitchen.perf:CloudSync] ⏱ HomeView.updateCompatibleMatches took 0.7ms
2026-06-16 12:49:23.477 Df Savoria[34315:940c09] [com.pedrosalles.smartkitchen.perf:CloudSync] ⏱ HomeView.updateExpiringItems took 0.0ms
2026-06-16 12:49:23.478 Df Savoria[34315:940c09] [com.pedrosalles.smartkitchen.perf:CloudSync] ⏱ HomeView.updatePendingNutritionDays took 1.1ms
2026-06-16 12:49:23.479 Df Savoria[34315:940c09] [com.pedrosalles.smartkitchen.perf:CloudSync] ⏱ HomeView.updateInfoSnapshot took 0.0ms
2026-06-16 12:49:23.479 Df Savoria[34315:940c09] [com.pedrosalles.smartkitchen.perf:CloudSync] ⏱ HomeView.refreshHomeDerivedState took 2.6ms | logEvent=false
2026-06-16 12:49:23.860 Df Savoria[34315:940d24] [com.pedrosalles.smartkitchen.perf:ScenePhase] [+2222.7ms] main thread hang ongoing | lagMs=1311
2026-06-16 12:49:23.873 Df Savoria[34315:940c09] [com.pedrosalles.smartkitchen.perf:ScenePhase] [+2235.8ms] main thread hang ended | durationMs=1324
2026-06-16 12:49:24.586 Df Savoria[34315:940c09] [com.pedrosalles.smartkitchen.perf:Launch] [+2949.4ms] runPostLaunchBootstrap end (splash lifted) | tookMs=2092.3
2026-06-16 12:49:24.587 Df Savoria[34315:940c09] [com.pedrosalles.smartkitchen.perf:Launch] [+2949.5ms] SmartKitchenApp.body evaluated
2026-06-16 12:49:24.592 Df Savoria[34315:940c09] [com.pedrosalles.smartkitchen.perf:Launch] [+2955.1ms] WindowGroup content building
