Timestamp               Ty Process[PID:TID]
2026-06-16 12:49:46.314 Df Savoria[34315:940c09] [com.pedrosalles.smartkitchen.perf:Launch] [+24677.0ms] SmartKitchenApp.body evaluated
2026-06-16 12:49:46.315 Df Savoria[34315:940c09] [com.pedrosalles.smartkitchen.perf:ScenePhase] [+24678.0ms] lifecycle.willResignActive
2026-06-16 12:49:46.319 Df Savoria[34315:940c09] [com.pedrosalles.smartkitchen.perf:Launch] [+24682.2ms] WindowGroup content building
2026-06-16 12:49:46.377 Df Savoria[34315:940c09] [com.pedrosalles.smartkitchen.perf:ScenePhase] [+24718.3ms] scenePhase active -> inactive
2026-06-16 12:49:46.377 Df Savoria[34315:940c09] [com.pedrosalles.smartkitchen.perf:CloudSync] [+24739.7ms] scene-leave save inspection | hasChanges=false inserted=0 changed=0 deleted=0
2026-06-16 12:49:47.247 Df Savoria[34315:940c09] [com.pedrosalles.smartkitchen.perf:Launch] [+25609.8ms] SmartKitchenApp.body evaluated
2026-06-16 12:49:47.249 Df Savoria[34315:940c09] [com.pedrosalles.smartkitchen.perf:ScenePhase] [+25611.9ms] lifecycle.didEnterBackground
2026-06-16 12:49:47.252 Df Savoria[34315:940c09] [com.pedrosalles.smartkitchen.perf:Launch] [+25614.6ms] WindowGroup content building
2026-06-16 12:49:47.319 Df Savoria[34315:940c09] [com.pedrosalles.smartkitchen.perf:ScenePhase] [+25681.8ms] scenePhase inactive -> background
2026-06-16 12:49:47.319 Df Savoria[34315:940c09] [com.pedrosalles.smartkitchen.perf:CloudSync] [+25681.9ms] scene-leave save inspection | hasChanges=false inserted=0 changed=0 deleted=0
2026-06-16 12:49:47.462 Df Savoria[34315:940c67] [com.pedrosalles.smartkitchen.perf:ScenePhase] [+25824.8ms] main thread hang detected | lagMs=300
2026-06-16 12:49:47.537 Df Savoria[34315:940c09] [com.pedrosalles.smartkitchen.perf:ScenePhase] [+25900.3ms] main thread hang ended | durationMs=375
2026-06-16 12:49:49.663 Df Savoria[34315:940cd1] [com.pedrosalles.smartkitchen.perf:ScenePhase] [+28025.5ms] main thread hang detected | lagMs=2000
2026-06-16 12:49:49.663 Df Savoria[34315:940c09] [com.pedrosalles.smartkitchen.perf:ScenePhase] [+28025.6ms] main thread hang ended | durationMs=2000
2026-06-16 12:49:49.664 Df Savoria[34315:940c09] [com.pedrosalles.smartkitchen.perf:Launch] [+28027.2ms] SmartKitchenApp.body evaluated
2026-06-16 12:49:49.665 Df Savoria[34315:940c09] [com.pedrosalles.smartkitchen.perf:ScenePhase] [+28027.7ms] lifecycle.willEnterForeground
2026-06-16 12:49:49.665 Df Savoria[34315:940c09] [com.pedrosalles.smartkitchen.perf:ScenePhase] [+28027.9ms] foreground Home refresh scheduled | selectedTab=assistant delayMs=1200
2026-06-16 12:49:49.667 Df Savoria[34315:940c09] [com.pedrosalles.smartkitchen.perf:Launch] [+28030.2ms] WindowGroup content building
2026-06-16 12:49:49.676 Df Savoria[34315:940c09] [com.pedrosalles.smartkitchen.perf:ScenePhase] [+28039.1ms] scenePhase background -> inactive
2026-06-16 12:49:50.101 Df Savoria[34315:940c09] [com.pedrosalles.smartkitchen.perf:Launch] [+28463.8ms] SmartKitchenApp.body evaluated
2026-06-16 12:49:50.102 Df Savoria[34315:940c09] [com.pedrosalles.smartkitchen.perf:ScenePhase] [+28464.7ms] lifecycle.didBecomeActive
2026-06-16 12:49:50.103 Df Savoria[34315:940c09] [com.pedrosalles.smartkitchen.perf:Launch] [+28465.6ms] WindowGroup content building
2026-06-16 12:49:50.111 Df Savoria[34315:940c09] [com.pedrosalles.smartkitchen.perf:ScenePhase] [+28474.3ms] scenePhase inactive -> active
2026-06-16 12:49:50.111 Df Savoria[34315:940c09] [com.pedrosalles.smartkitchen.perf:ScenePhase] ⏱ claimPendingFromBridge took 0.1ms | trace=fg-2
2026-06-16 12:49:50.111 Df Savoria[34315:940c09] [com.pedrosalles.smartkitchen.perf:ScenePhase] [+28474.4ms] foreground resume entered | trace=fg-2 claimedSharedImport=false
2026-06-16 12:49:50.111 Df Savoria[34315:940c09] [com.pedrosalles.smartkitchen.perf:ScenePhase] [+28474.4ms] foreground resume work skipped | trace=fg-2 entitlementElapsed=27s maintenanceElapsed=28s
2026-06-16 12:49:51.184 Df Savoria[34315:940c09] [com.pedrosalles.smartkitchen.perf:CloudSync] [+29547.1ms] HomeView debounced refresh
2026-06-16 12:49:51.184 Df Savoria[34315:940c09] [com.pedrosalles.smartkitchen.perf:CloudSync] ⏱ HomeView.updateRecipeCategories took 0.1ms
2026-06-16 12:49:51.186 Df Savoria[34315:940c09] [com.pedrosalles.smartkitchen.perf:CloudSync] ⏱ HomeView.updateCompatibleMatches took 1.5ms
2026-06-16 12:49:51.186 Df Savoria[34315:940c09] [com.pedrosalles.smartkitchen.perf:CloudSync] ⏱ HomeView.updateExpiringItems took 0.1ms
2026-06-16 12:49:51.189 Df Savoria[34315:940c09] [com.pedrosalles.smartkitchen.perf:CloudSync] ⏱ HomeView.updatePendingNutritionDays took 2.5ms
2026-06-16 12:49:51.189 Df Savoria[34315:940c09] [com.pedrosalles.smartkitchen.perf:CloudSync] ⏱ HomeView.updateInfoSnapshot took 0.0ms
2026-06-16 12:49:51.189 Df Savoria[34315:940c09] [com.pedrosalles.smartkitchen.perf:CloudSync] ⏱ HomeView.refreshHomeDerivedState took 4.5ms | logEvent=true
