Filtering the log data using "subsystem == "com.pedrosalles.smartkitchen.perf""
Timestamp               Ty Process[PID:TID]
2026-06-12 12:04:59.296 Df Savoria[43253:2b07394] [com.pedrosalles.smartkitchen.perf:CloudSync] [+0.0ms] CloudSyncService.init begin | syncPref=false
2026-06-12 12:04:59.559 Df Savoria[43253:2b07394] [com.pedrosalles.smartkitchen.perf:CloudSync] [+264.6ms] local container opened | tookMs=138.1
2026-06-12 12:04:59.584 Df Savoria[43253:2b07394] [com.pedrosalles.smartkitchen.perf:CloudSync] [+289.5ms] CloudSyncService.init end
2026-06-12 12:04:59.587 Df Savoria[43253:2b07394] [com.pedrosalles.smartkitchen.perf:Launch] [+292.2ms] SmartKitchenApp.init body begin
2026-06-12 12:04:59.588 Df Savoria[43253:2b07394] [com.pedrosalles.smartkitchen.perf:Launch] [+293.5ms] after StatusBarSwizzle.install
2026-06-12 12:04:59.608 Df Savoria[43253:2b07394] [com.pedrosalles.smartkitchen.perf:Launch] [+313.5ms] after configureNavigationAppearance
2026-06-12 12:04:59.608 Df Savoria[43253:2b07394] [com.pedrosalles.smartkitchen.perf:Launch] [+313.8ms] after logBuildConfiguration
2026-06-12 12:04:59.609 Df Savoria[43253:2b07394] [com.pedrosalles.smartkitchen.perf:Launch] [+314.4ms] SmartKitchenApp.init body end
2026-06-12 12:04:59.727 Df Savoria[43253:2b07394] [com.pedrosalles.smartkitchen.perf:ScenePhase] [+432.5ms] lifecycle.didFinishLaunching
2026-06-12 12:04:59.802 Df Savoria[43253:2b07394] [com.pedrosalles.smartkitchen.perf:Launch] [+507.3ms] SmartKitchenApp.body evaluated
2026-06-12 12:04:59.852 Df Savoria[43253:2b07394] [com.pedrosalles.smartkitchen.perf:Launch] [+557.8ms] SmartKitchenApp.body evaluated
2026-06-12 12:04:59.856 Df Savoria[43253:2b07394] [com.pedrosalles.smartkitchen.perf:ScenePhase] [+561.2ms] lifecycle.willEnterForeground
2026-06-12 12:04:59.892 Df Savoria[43253:2b07394] [com.pedrosalles.smartkitchen.perf:Launch] [+597.0ms] WindowGroup content building
2026-06-12 12:04:59.901 Df Savoria[43253:2b07394] [com.pedrosalles.smartkitchen.perf:Launch] [+606.6ms] SplashView body evaluated
2026-06-12 12:04:59.925 Df Savoria[43253:2b073d1] [com.pedrosalles.smartkitchen.perf:ScenePhase] [+629.9ms] main thread hang detected | lagMs=201
2026-06-12 12:04:59.929 Df Savoria[43253:2b07394] [com.pedrosalles.smartkitchen.perf:Launch] [+634.5ms] LaunchSkeletonHomeView body evaluated
2026-06-12 12:05:00.054 Df Savoria[43253:2b07394] [com.pedrosalles.smartkitchen.perf:Launch] [+759.8ms] SplashView appeared (ContentView not mounted yet)
2026-06-12 12:05:00.055 Df Savoria[43253:2b07394] [com.pedrosalles.smartkitchen.perf:Launch] [+759.9ms] LaunchSkeletonHomeView body evaluated
2026-06-12 12:05:00.058 Df Savoria[43253:2b07394] [com.pedrosalles.smartkitchen.perf:Launch] [+763.5ms] LaunchSkeletonHomeView body evaluated
2026-06-12 12:05:00.131 Df Savoria[43253:2b07394] [com.pedrosalles.smartkitchen.perf:ScenePhase] [+835.9ms] main thread hang ended | durationMs=407
2026-06-12 12:05:00.181 Df Savoria[43253:2b07394] [com.pedrosalles.smartkitchen.perf:Subscriptions] [+886.7ms] subscriptionManager.loadProducts begin
2026-06-12 12:05:00.186 Df Savoria[43253:2b07394] [com.pedrosalles.smartkitchen.perf:Launch] [+891.4ms] SmartKitchenApp.body evaluated
2026-06-12 12:05:00.187 Df Savoria[43253:2b07394] [com.pedrosalles.smartkitchen.perf:ScenePhase] [+892.2ms] lifecycle.didBecomeActive
2026-06-12 12:05:00.192 Df Savoria[43253:2b07394] [com.pedrosalles.smartkitchen.perf:Launch] [+896.9ms] WindowGroup content building
2026-06-12 12:05:00.196 Df Savoria[43253:2b07394] [com.pedrosalles.smartkitchen.perf:ScenePhase] [+898.3ms] scenePhase inactive -> active
2026-06-12 12:05:00.197 Df Savoria[43253:2b07394] [com.pedrosalles.smartkitchen.perf:Subscriptions] [+901.9ms] refreshEntitlements scheduled (throttle 300s elapsed)
2026-06-12 12:05:00.197 Df Savoria[43253:2b07394] [com.pedrosalles.smartkitchen.perf:CloudSync] [+901.9ms] foreground maintenance running
2026-06-12 12:05:00.202 Df Savoria[43253:2b07394] [com.pedrosalles.smartkitchen.perf:CloudSync] ⏱ syncNow (deferred foreground) took 0.0ms
2026-06-12 12:05:00.211 Df Savoria[43253:2b07394] [com.pedrosalles.smartkitchen.perf:Notifications] ⏱ rescheduleExpiryNotifications took 8.9ms
2026-06-12 12:05:00.212 Df Savoria[43253:2b07394] [com.pedrosalles.smartkitchen.perf:Subscriptions] [+917.0ms] refreshEntitlements end | tookMs=10.1
2026-06-12 12:05:00.215 Df Savoria[43253:2b07394] [com.pedrosalles.smartkitchen.perf:Subscriptions] [+920.0ms] subscriptionManager.loadProducts end | tookMs=33.3
2026-06-12 12:05:00.215 Df Savoria[43253:2b07394] [com.pedrosalles.smartkitchen.perf:Subscriptions] [+920.0ms] subscriptionManager.refreshEntitlements (launch) begin
2026-06-12 12:05:00.217 Df Savoria[43253:2b07394] [com.pedrosalles.smartkitchen.perf:Subscriptions] [+922.4ms] subscriptionManager.refreshEntitlements (launch) end | tookMs=2.4
2026-06-12 12:05:00.217 Df Savoria[43253:2b07394] [com.pedrosalles.smartkitchen.perf:Launch] [+922.5ms] runPostLaunchBootstrap begin
2026-06-12 12:05:00.304 Df Savoria[43253:2b07394] [com.pedrosalles.smartkitchen.perf:DataSeeder] ⏱ DataSeeder.seedIfNeeded took 33.9ms
2026-06-12 12:05:00.305 Df Savoria[43253:2b07394] [com.pedrosalles.smartkitchen.perf:Migration] ⏱ UnifiedItemMigration.migrateIfNeeded took 1.3ms
2026-06-12 12:05:00.349 Df Savoria[43253:2b07394] [com.pedrosalles.smartkitchen.perf:Backup] ⏱ BackupManager.restoreLatestBackupIfCurrentStoreNeedsRecovery took 43.7ms
2026-06-12 12:05:00.349 Df Savoria[43253:2b07394] [com.pedrosalles.smartkitchen.perf:CloudSync] ⏱ activateCloudSyncIfNeededOnLaunch took 0.0ms
2026-06-12 12:05:00.368 Df Savoria[43253:2b073d1] [com.pedrosalles.smartkitchen.perf:Launch] ⏱ warmupDatabases took 98.5ms
2026-06-12 12:05:00.368 Df Savoria[43253:2b07394] [com.pedrosalles.smartkitchen.perf:Launch] [+1073.5ms] runPostLaunchBootstrap end (splash lifted) | tookMs=151.0
2026-06-12 12:05:00.368 Df Savoria[43253:2b07394] [com.pedrosalles.smartkitchen.perf:Launch] [+1073.7ms] SmartKitchenApp.body evaluated
2026-06-12 12:05:00.375 Df Savoria[43253:2b07394] [com.pedrosalles.smartkitchen.perf:Launch] [+1080.3ms] WindowGroup content building
2026-06-12 12:05:00.625 Df Savoria[43253:2b073c1] [com.pedrosalles.smartkitchen.perf:ScenePhase] [+1329.8ms] main thread hang detected | lagMs=274
2026-06-12 12:05:00.923 Df Savoria[43253:2b07394] [com.pedrosalles.smartkitchen.perf:Launch] [+1628.8ms] ContentView onAppear (first frame visible)
2026-06-12 12:05:01.447 Df Savoria[43253:2b07394] [com.pedrosalles.smartkitchen.perf:ScenePhase] [+2152.4ms] main thread hang ended | durationMs=1097
2026-06-12 12:05:01.568 Df Savoria[43253:2b07394] [com.pedrosalles.smartkitchen.perf:TabSwitch] [+2272.9ms] prewarm scheduled | reason=initialContentView tabs=lists,recipes,nutrients,commandBar
2026-06-12 12:05:01.568 Df Savoria[43253:2b07394] [com.pedrosalles.smartkitchen.perf:TabSwitch] [+2273.0ms] auto sequence scheduled | count=10
2026-06-12 12:05:01.568 Df Savoria[43253:2b07394] [com.pedrosalles.smartkitchen.perf:ScenePhase] [+2273.0ms] offscreen tab suspension enabled | reason=initialLaunch, durationMs=8000
2026-06-12 12:05:03.378 Df Savoria[43253:2b07394] [com.pedrosalles.smartkitchen.perf:TabSwitch] [+4082.8ms] prewarm mount requested | reason=initialContentView tab=lists
2026-06-12 12:05:03.411 Df Savoria[43253:2b07394] [com.pedrosalles.smartkitchen.perf:TabSwitch] [+4115.4ms] prewarm mount next runloop | reason=initialContentView tab=lists elapsedMs=32.8
2026-06-12 12:05:03.749 Df Savoria[43253:2b07394] [com.pedrosalles.smartkitchen.perf:TabSwitch] [+4454.3ms] prewarm mount requested | reason=initialContentView tab=recipes
2026-06-12 12:05:03.776 Df Savoria[43253:2b07394] [com.pedrosalles.smartkitchen.perf:TabSwitch] [+4481.6ms] prewarm mount next runloop | reason=initialContentView tab=recipes elapsedMs=27.5
2026-06-12 12:05:04.122 Df Savoria[43253:2b07394] [com.pedrosalles.smartkitchen.perf:TabSwitch] [+4826.8ms] prewarm mount requested | reason=initialContentView tab=nutrients
2026-06-12 12:05:04.150 Df Savoria[43253:2b07394] [com.pedrosalles.smartkitchen.perf:TabSwitch] [+4855.5ms] prewarm mount next runloop | reason=initialContentView tab=nutrients elapsedMs=28.8
2026-06-12 12:05:04.475 Df Savoria[43253:2b07394] [com.pedrosalles.smartkitchen.perf:TabSwitch] [+5180.7ms] prewarm mount requested | reason=initialContentView tab=commandBar
2026-06-12 12:05:04.506 Df Savoria[43253:2b07394] [com.pedrosalles.smartkitchen.perf:TabSwitch] [+5210.7ms] prewarm mount next runloop | reason=initialContentView tab=commandBar elapsedMs=30.2
2026-06-12 12:05:04.848 Df Savoria[43253:2b07394] [com.pedrosalles.smartkitchen.perf:TabSwitch] [+5553.3ms] prewarm finished | reason=initialContentView
2026-06-12 12:05:05.375 Df Savoria[43253:2b07394] [com.pedrosalles.smartkitchen.perf:TabSwitch] [+6080.5ms] begin | trace=1 source=autorun from=assistant target=lists mountedBefore=true
2026-06-12 12:05:05.389 Df Savoria[43253:2b07394] [com.pedrosalles.smartkitchen.perf:TabSwitch] [+6093.9ms] state committed | trace=1 from=assistant target=lists mountedBefore=true elapsedMs=13.4
2026-06-12 12:05:05.507 Df Savoria[43253:2b07394] [com.pedrosalles.smartkitchen.perf:TabSwitch] [+6212.6ms] content active | trace=1 stage=appear target=lists mountedBefore=true elapsedMs=132.2
2026-06-12 12:05:05.624 Df Savoria[43253:2b073d1] [com.pedrosalles.smartkitchen.perf:ScenePhase] [+6329.4ms] main thread hang detected | lagMs=299
2026-06-12 12:05:05.776 Df Savoria[43253:2b07394] [com.pedrosalles.smartkitchen.perf:ScenePhase] [+6481.4ms] main thread hang ended | durationMs=451
2026-06-12 12:05:05.776 Df Savoria[43253:2b07394] [com.pedrosalles.smartkitchen.perf:TabSwitch] [+6481.4ms] content active next runloop | trace=1 target=lists mountedBefore=true elapsedMs=401.0
2026-06-12 12:05:06.088 Df Savoria[43253:2b07394] [com.pedrosalles.smartkitchen.perf:TabSwitch] [+6793.3ms] begin | trace=2 source=autorun from=lists target=recipes mountedBefore=true
2026-06-12 12:05:06.219 Df Savoria[43253:2b07394] [com.pedrosalles.smartkitchen.perf:TabSwitch] [+6924.4ms] state committed | trace=2 from=lists target=recipes mountedBefore=true elapsedMs=131.1
2026-06-12 12:05:06.225 Df Savoria[43253:2b073c1] [com.pedrosalles.smartkitchen.perf:ScenePhase] [+6930.1ms] main thread hang detected | lagMs=200
2026-06-12 12:05:06.616 Df Savoria[43253:2b07394] [com.pedrosalles.smartkitchen.perf:TabSwitch] [+7321.5ms] content active | trace=2 stage=appear target=recipes mountedBefore=true elapsedMs=528.1
2026-06-12 12:05:07.095 Df Savoria[43253:2b07394] [com.pedrosalles.smartkitchen.perf:ScenePhase] [+7800.2ms] main thread hang ended | durationMs=1070
2026-06-12 12:05:07.095 Df Savoria[43253:2b07394] [com.pedrosalles.smartkitchen.perf:TabSwitch] [+7800.7ms] content active next runloop | trace=2 target=recipes mountedBefore=true elapsedMs=1007.4
2026-06-12 12:05:07.096 Df Savoria[43253:2b07394] [com.pedrosalles.smartkitchen.perf:TabSwitch] [+7800.9ms] begin | trace=3 source=autorun from=recipes target=nutrients mountedBefore=true
2026-06-12 12:05:07.231 Df Savoria[43253:2b07394] [com.pedrosalles.smartkitchen.perf:TabSwitch] [+7936.4ms] state committed | trace=3 from=recipes target=nutrients mountedBefore=true elapsedMs=135.6
2026-06-12 12:05:07.325 Df Savoria[43253:2b07459] [com.pedrosalles.smartkitchen.perf:ScenePhase] [+8030.1ms] main thread hang detected | lagMs=228
2026-06-12 12:05:07.527 Df Savoria[43253:2b07394] [com.pedrosalles.smartkitchen.perf:TabSwitch] [+8231.8ms] content active | trace=3 stage=appear target=nutrients mountedBefore=true elapsedMs=431.0
2026-06-12 12:05:07.874 Df Savoria[43253:2b07394] [com.pedrosalles.smartkitchen.perf:ScenePhase] [+8578.9ms] main thread hang ended | durationMs=777
2026-06-12 12:05:07.875 Df Savoria[43253:2b07394] [com.pedrosalles.smartkitchen.perf:TabSwitch] [+8580.7ms] content active next runloop | trace=3 target=nutrients mountedBefore=true elapsedMs=779.9
2026-06-12 12:05:07.877 Df Savoria[43253:2b07394] [com.pedrosalles.smartkitchen.perf:TabSwitch] [+8582.1ms] begin | trace=4 source=autorun from=nutrients target=commandBar mountedBefore=true
2026-06-12 12:05:08.026 Df Savoria[43253:2b07394] [com.pedrosalles.smartkitchen.perf:TabSwitch] [+8731.2ms] state committed | trace=4 from=nutrients target=commandBar mountedBefore=true elapsedMs=149.1
2026-06-12 12:05:08.125 Df Savoria[43253:2b0740d] [com.pedrosalles.smartkitchen.perf:ScenePhase] [+8829.9ms] main thread hang detected | lagMs=247
2026-06-12 12:05:08.262 Df Savoria[43253:2b07394] [com.pedrosalles.smartkitchen.perf:TabSwitch] [+8966.9ms] content active | trace=4 stage=appear target=commandBar mountedBefore=true elapsedMs=384.8
2026-06-12 12:05:08.411 Df Savoria[43253:2b07394] [com.pedrosalles.smartkitchen.perf:ScenePhase] [+9116.5ms] main thread hang ended | durationMs=534
2026-06-12 12:05:08.412 Df Savoria[43253:2b07394] [com.pedrosalles.smartkitchen.perf:TabSwitch] [+9117.3ms] content active next runloop | trace=4 target=commandBar mountedBefore=true elapsedMs=535.2
2026-06-12 12:05:08.594 Df Savoria[43253:2b07394] [com.pedrosalles.smartkitchen.perf:TabSwitch] [+9299.2ms] begin | trace=5 source=autorun from=commandBar target=assistant mountedBefore=true
2026-06-12 12:05:08.741 Df Savoria[43253:2b07394] [com.pedrosalles.smartkitchen.perf:TabSwitch] [+9445.9ms] state committed | trace=5 from=commandBar target=assistant mountedBefore=true elapsedMs=146.6
2026-06-12 12:05:08.750 Df Savoria[43253:2b07394] [com.pedrosalles.smartkitchen.perf:TabSwitch] [+9455.2ms] content active | trace=5 stage=selectionChange target=assistant mountedBefore=true elapsedMs=155.9
2026-06-12 12:05:08.817 Df Savoria[43253:2b0740d] [com.pedrosalles.smartkitchen.perf:ScenePhase] [+9522.3ms] main thread hang detected | lagMs=285
2026-06-12 12:05:08.926 Df Savoria[43253:2b07394] [com.pedrosalles.smartkitchen.perf:TabSwitch] [+9630.8ms] content active | trace=5 stage=appear target=assistant mountedBefore=true elapsedMs=331.6
2026-06-12 12:05:09.231 Df Savoria[43253:2b07394] [com.pedrosalles.smartkitchen.perf:ScenePhase] [+9936.4ms] main thread hang ended | durationMs=699
2026-06-12 12:05:09.235 Df Savoria[43253:2b07394] [com.pedrosalles.smartkitchen.perf:TabSwitch] [+9940.1ms] content active next runloop | trace=5 target=assistant mountedBefore=true elapsedMs=640.8
2026-06-12 12:05:09.235 Df Savoria[43253:2b07394] [com.pedrosalles.smartkitchen.perf:TabSwitch] [+9940.2ms] content active next runloop | trace=5 target=assistant mountedBefore=true elapsedMs=640.9
2026-06-12 12:05:09.324 Df Savoria[43253:2b07394] [com.pedrosalles.smartkitchen.perf:TabSwitch] [+10029.7ms] begin | trace=6 source=autorun from=assistant target=lists mountedBefore=true
2026-06-12 12:05:09.463 Df Savoria[43253:2b07394] [com.pedrosalles.smartkitchen.perf:TabSwitch] [+10168.6ms] state committed | trace=6 from=assistant target=lists mountedBefore=true elapsedMs=138.9
2026-06-12 12:05:09.469 Df Savoria[43253:2b07394] [com.pedrosalles.smartkitchen.perf:TabSwitch] [+10174.5ms] content active | trace=6 stage=selectionChange target=lists mountedBefore=true elapsedMs=144.8
2026-06-12 12:05:09.525 Df Savoria[43253:2b0740e] [com.pedrosalles.smartkitchen.perf:ScenePhase] [+10230.1ms] main thread hang detected | lagMs=200
2026-06-12 12:05:09.644 Df Savoria[43253:2b07394] [com.pedrosalles.smartkitchen.perf:TabSwitch] [+10348.9ms] content active | trace=6 stage=appear target=lists mountedBefore=true elapsedMs=319.3
2026-06-12 12:05:09.972 Df Savoria[43253:2b07394] [com.pedrosalles.smartkitchen.perf:ScenePhase] [+10676.9ms] main thread hang ended | durationMs=647
2026-06-12 12:05:09.974 Df Savoria[43253:2b07394] [com.pedrosalles.smartkitchen.perf:TabSwitch] [+10679.4ms] content active next runloop | trace=6 target=lists mountedBefore=true elapsedMs=649.7
2026-06-12 12:05:09.974 Df Savoria[43253:2b07394] [com.pedrosalles.smartkitchen.perf:ScenePhase] [+10679.4ms] offscreen tab suspension ended
2026-06-12 12:05:09.974 Df Savoria[43253:2b07394] [com.pedrosalles.smartkitchen.perf:TabSwitch] [+10679.5ms] content active next runloop | trace=6 target=lists mountedBefore=true elapsedMs=649.8
2026-06-12 12:05:10.151 Df Savoria[43253:2b07394] [com.pedrosalles.smartkitchen.perf:TabSwitch] [+10856.4ms] begin | trace=7 source=autorun from=lists target=recipes mountedBefore=true
2026-06-12 12:05:10.291 Df Savoria[43253:2b07394] [com.pedrosalles.smartkitchen.perf:TabSwitch] [+10995.8ms] state committed | trace=7 from=lists target=recipes mountedBefore=true elapsedMs=139.4
2026-06-12 12:05:10.294 Df Savoria[43253:2b07394] [com.pedrosalles.smartkitchen.perf:TabSwitch] [+10999.6ms] content active | trace=7 stage=selectionChange target=recipes mountedBefore=true elapsedMs=143.2
2026-06-12 12:05:10.425 Df Savoria[43253:2b073d0] [com.pedrosalles.smartkitchen.perf:ScenePhase] [+11130.1ms] main thread hang detected | lagMs=273
2026-06-12 12:05:10.492 Df Savoria[43253:2b07394] [com.pedrosalles.smartkitchen.perf:TabSwitch] [+11196.8ms] content active | trace=7 stage=appear target=recipes mountedBefore=true elapsedMs=340.4
2026-06-12 12:05:10.807 Df Savoria[43253:2b07394] [com.pedrosalles.smartkitchen.perf:ScenePhase] [+11512.7ms] main thread hang ended | durationMs=656
2026-06-12 12:05:10.811 Df Savoria[43253:2b07394] [com.pedrosalles.smartkitchen.perf:TabSwitch] [+11515.9ms] content active next runloop | trace=7 target=recipes mountedBefore=true elapsedMs=659.5
2026-06-12 12:05:10.811 Df Savoria[43253:2b07394] [com.pedrosalles.smartkitchen.perf:TabSwitch] [+11516.1ms] content active next runloop | trace=7 target=recipes mountedBefore=true elapsedMs=659.7
2026-06-12 12:05:10.868 Df Savoria[43253:2b07394] [com.pedrosalles.smartkitchen.perf:TabSwitch] [+11573.7ms] begin | trace=8 source=autorun from=recipes target=nutrients mountedBefore=true
2026-06-12 12:05:11.008 Df Savoria[43253:2b07394] [com.pedrosalles.smartkitchen.perf:TabSwitch] [+11713.6ms] state committed | trace=8 from=recipes target=nutrients mountedBefore=true elapsedMs=139.9
2026-06-12 12:05:11.014 Df Savoria[43253:2b07394] [com.pedrosalles.smartkitchen.perf:TabSwitch] [+11719.3ms] content active | trace=8 stage=selectionChange target=nutrients mountedBefore=true elapsedMs=145.6
2026-06-12 12:05:11.024 Df Savoria[43253:2b073d0] [com.pedrosalles.smartkitchen.perf:ScenePhase] [+11729.7ms] main thread hang detected | lagMs=208
2026-06-12 12:05:11.188 Df Savoria[43253:2b07394] [com.pedrosalles.smartkitchen.perf:TabSwitch] [+11893.6ms] content active | trace=8 stage=appear target=nutrients mountedBefore=true elapsedMs=319.9
2026-06-12 12:05:11.375 Df Savoria[43253:2b07394] [com.pedrosalles.smartkitchen.perf:ScenePhase] [+12080.5ms] main thread hang ended | durationMs=559
2026-06-12 12:05:11.489 Df Savoria[43253:2b07394] [com.pedrosalles.smartkitchen.perf:TabSwitch] [+12194.4ms] content active next runloop | trace=8 target=nutrients mountedBefore=true elapsedMs=620.7
2026-06-12 12:05:11.489 Df Savoria[43253:2b07394] [com.pedrosalles.smartkitchen.perf:TabSwitch] [+12194.5ms] content active next runloop | trace=8 target=nutrients mountedBefore=true elapsedMs=620.8
2026-06-12 12:05:11.577 Df Savoria[43253:2b07394] [com.pedrosalles.smartkitchen.perf:TabSwitch] [+12282.4ms] begin | trace=9 source=autorun from=nutrients target=commandBar mountedBefore=true
2026-06-12 12:05:11.717 Df Savoria[43253:2b07394] [com.pedrosalles.smartkitchen.perf:TabSwitch] [+12421.9ms] state committed | trace=9 from=nutrients target=commandBar mountedBefore=true elapsedMs=139.5
2026-06-12 12:05:11.723 Df Savoria[43253:2b07394] [com.pedrosalles.smartkitchen.perf:TabSwitch] [+12427.9ms] content active | trace=9 stage=selectionChange target=commandBar mountedBefore=true elapsedMs=145.6
2026-06-12 12:05:11.825 Df Savoria[43253:2b073d0] [com.pedrosalles.smartkitchen.perf:ScenePhase] [+12530.2ms] main thread hang detected | lagMs=299
2026-06-12 12:05:11.899 Df Savoria[43253:2b07394] [com.pedrosalles.smartkitchen.perf:TabSwitch] [+12604.3ms] content active | trace=9 stage=appear target=commandBar mountedBefore=true elapsedMs=322.0
2026-06-12 12:05:11.906 Df Savoria[43253:2b07394] [com.pedrosalles.smartkitchen.perf:ScenePhase] [+12611.1ms] main thread hang ended | durationMs=380
2026-06-12 12:05:11.907 Df Savoria[43253:2b07394] [com.pedrosalles.smartkitchen.perf:TabSwitch] [+12612.3ms] content active next runloop | trace=9 target=commandBar mountedBefore=true elapsedMs=329.9
2026-06-12 12:05:11.907 Df Savoria[43253:2b07394] [com.pedrosalles.smartkitchen.perf:TabSwitch] [+12612.4ms] content active next runloop | trace=9 target=commandBar mountedBefore=true elapsedMs=330.0
2026-06-12 12:05:12.280 Df Savoria[43253:2b07394] [com.pedrosalles.smartkitchen.perf:TabSwitch] [+12985.0ms] begin | trace=10 source=autorun from=commandBar target=assistant mountedBefore=true
2026-06-12 12:05:12.420 Df Savoria[43253:2b07394] [com.pedrosalles.smartkitchen.perf:TabSwitch] [+13124.9ms] state committed | trace=10 from=commandBar target=assistant mountedBefore=true elapsedMs=139.9
2026-06-12 12:05:12.427 Df Savoria[43253:2b07394] [com.pedrosalles.smartkitchen.perf:TabSwitch] [+13132.0ms] content active | trace=10 stage=selectionChange target=assistant mountedBefore=true elapsedMs=147.0
2026-06-12 12:05:12.525 Df Savoria[43253:2b073c1] [com.pedrosalles.smartkitchen.perf:ScenePhase] [+13230.0ms] main thread hang detected | lagMs=298
2026-06-12 12:05:12.598 Df Savoria[43253:2b07394] [com.pedrosalles.smartkitchen.perf:TabSwitch] [+13303.7ms] content active | trace=10 stage=appear target=assistant mountedBefore=true elapsedMs=318.6
2026-06-12 12:05:12.902 Df Savoria[43253:2b07394] [com.pedrosalles.smartkitchen.perf:ScenePhase] [+13606.8ms] main thread hang ended | durationMs=675
2026-06-12 12:05:12.904 Df Savoria[43253:2b07394] [com.pedrosalles.smartkitchen.perf:TabSwitch] [+13609.8ms] content active next runloop | trace=10 target=assistant mountedBefore=true elapsedMs=624.7
2026-06-12 12:05:12.905 Df Savoria[43253:2b07394] [com.pedrosalles.smartkitchen.perf:TabSwitch] [+13609.9ms] content active next runloop | trace=10 target=assistant mountedBefore=true elapsedMs=624.9
2026-06-12 12:05:13.024 Df Savoria[43253:2b07394] [com.pedrosalles.smartkitchen.perf:TabSwitch] [+13729.5ms] auto sequence finished

